#
# There is insufficient memory for the Java Runtime Environment to continue.
# Native memory allocation (mmap) failed to map 5242880 bytes. Error detail: G1 virtual space
# Possible reasons:
#   The system is out of physical RAM or swap space
#   This process is running with CompressedOops enabled, and the Java Heap may be blocking the growth of the native heap
# Possible solutions:
#   Reduce memory load on the system
#   Increase physical memory or swap space
#   Check if swap backing store is full
#   Decrease Java heap size (-Xmx/-Xms)
#   Decrease number of Java threads
#   Decrease Java thread stack sizes (-Xss)
#   Set larger code cache with -XX:ReservedCodeCacheSize=
#   JVM is running with Unscaled Compressed Oops mode in which the Java heap is
#     placed in the first 4GB address space. The Java Heap base address is the
#     maximum limit for the native heap growth. Please use -XX:HeapBaseMinAddress
#     to set the Java Heap base and to place the Java Heap above 4GB virtual address.
# This output file may be truncated or incomplete.
#
#  Out of Memory Error (os_windows.cpp:3703), pid=14704, tid=34116
#
# JRE version: Java(TM) SE Runtime Environment (23.0.1+11) (build 23.0.1+11-39)
# Java VM: Java HotSpot(TM) 64-Bit Server VM (23.0.1+11-39, mixed mode, sharing, tiered, compressed oops, compressed class ptrs, g1 gc, windows-amd64)
# No core dump will be written. Minidumps are not enabled by default on client versions of Windows
#

---------------  S U M M A R Y ------------

Command Line: -javaagent:D:\Program Files\JetBrains\IntelliJ IDEA Community Edition 2024.2.3\lib\idea_rt.jar=63234:D:\Program Files\JetBrains\IntelliJ IDEA Community Edition 2024.2.3\bin -Dfile.encoding=UTF-8 -Dsun.stdout.encoding=UTF-8 -Dsun.stderr.encoding=UTF-8 com.example.GVOne_blood.GvOneBloodApplication

Host: AMD Ryzen 5 5500U with Radeon Graphics         , 12 cores, 5G,  Windows 11 , 64 bit Build 22621 (10.0.22621.4387)
Time: Sat Mar  1 23:24:55 2025 SE Asia Standard Time elapsed time: 56.037716 seconds (0d 0h 0m 56s)

---------------  T H R E A D  ---------------

Current thread (0x0000015b7e068830):  VMThread "VM Thread"          [id=34116, stack(0x00000042b2b00000,0x00000042b2c00000) (1024K)]

Stack: [0x00000042b2b00000,0x00000042b2c00000]
Native frames: (J=compiled Java code, j=interpreted, Vv=VM code, C=native code)
V  [jvm.dll+0x6e08b9]  (no source info available)
V  [jvm.dll+0x87dc83]  (no source info available)
V  [jvm.dll+0x88010e]  (no source info available)
V  [jvm.dll+0x8807e3]  (no source info available)
V  [jvm.dll+0x27aee6]  (no source info available)
V  [jvm.dll+0x6dd1c5]  (no source info available)
V  [jvm.dll+0x6d104a]  (no source info available)
V  [jvm.dll+0x35b3ea]  (no source info available)
V  [jvm.dll+0x3637f6]  (no source info available)
V  [jvm.dll+0x34fd5e]  (no source info available)
V  [jvm.dll+0x34fff8]  (no source info available)
V  [jvm.dll+0x3289cc]  (no source info available)
V  [jvm.dll+0x32b3b9]  (no source info available)
V  [jvm.dll+0x335f74]  (no source info available)
V  [jvm.dll+0x372d55]  (no source info available)
V  [jvm.dll+0x886720]  (no source info available)
V  [jvm.dll+0x887a47]  (no source info available)
V  [jvm.dll+0x887f78]  (no source info available)
V  [jvm.dll+0x888213]  (no source info available)
V  [jvm.dll+0x824f8b]  (no source info available)
V  [jvm.dll+0x6df065]  (no source info available)
C  [ucrtbase.dll+0x29333]  (no source info available)
C  [KERNEL32.DLL+0x1259d]  (no source info available)
C  [ntdll.dll+0x5af38]  (no source info available)

VM_Operation (0x00000042b26ff7d0): G1PauseRemark, mode: safepoint, requested by thread 0x0000015b619dcd40


---------------  P R O C E S S  ---------------

Threads class SMR info:
_java_thread_list=0x0000015b4755ec70, length=29, elements={
0x0000015b7e083720, 0x0000015b7e085650, 0x0000015b7e087c90, 0x0000015b7e08a700,
0x0000015b7e08d2a0, 0x0000015b7e091330, 0x0000015b7e09a0d0, 0x0000015b7e09c7c0,
0x0000015b450ccfb0, 0x0000015b455c9a10, 0x0000015b455ca490, 0x0000015b467f1580,
0x0000015b485ae2f0, 0x0000015b4894f970, 0x0000015b48950000, 0x0000015b4894df30,
0x0000015b493b5760, 0x0000015b493b8550, 0x0000015b493b9900, 0x0000015b493bacb0,
0x0000015b493b9f90, 0x0000015b493b6b10, 0x0000015b493ba620, 0x0000015b493b5df0,
0x0000015b493b4a40, 0x0000015b493bb9d0, 0x0000015b493b6480, 0x0000015b493b50d0,
0x0000015b493b7830
}

Java Threads: ( => current thread )
  0x0000015b7e083720 JavaThread "Reference Handler"          daemon [_thread_blocked, id=27296, stack(0x00000042b2c00000,0x00000042b2d00000) (1024K)]
  0x0000015b7e085650 JavaThread "Finalizer"                  daemon [_thread_blocked, id=316, stack(0x00000042b2d00000,0x00000042b2e00000) (1024K)]
  0x0000015b7e087c90 JavaThread "Signal Dispatcher"          daemon [_thread_blocked, id=33524, stack(0x00000042b2e00000,0x00000042b2f00000) (1024K)]
  0x0000015b7e08a700 JavaThread "Attach Listener"            daemon [_thread_blocked, id=33988, stack(0x00000042b2f00000,0x00000042b3000000) (1024K)]
  0x0000015b7e08d2a0 JavaThread "Service Thread"             daemon [_thread_blocked, id=11948, stack(0x00000042b3000000,0x00000042b3100000) (1024K)]
  0x0000015b7e091330 JavaThread "Monitor Deflation Thread"   daemon [_thread_blocked, id=33976, stack(0x00000042b3100000,0x00000042b3200000) (1024K)]
  0x0000015b7e09a0d0 JavaThread "C2 CompilerThread0"         daemon [_thread_blocked, id=25796, stack(0x00000042b3200000,0x00000042b3300000) (1024K)]
  0x0000015b7e09c7c0 JavaThread "C1 CompilerThread0"         daemon [_thread_blocked, id=34568, stack(0x00000042b3300000,0x00000042b3400000) (1024K)]
  0x0000015b450ccfb0 JavaThread "Common-Cleaner"             daemon [_thread_blocked, id=19900, stack(0x00000042b3400000,0x00000042b3500000) (1024K)]
  0x0000015b455c9a10 JavaThread "Monitor Ctrl-Break"         daemon [_thread_in_native, id=30140, stack(0x00000042b3600000,0x00000042b3700000) (1024K)]
  0x0000015b455ca490 JavaThread "Notification Thread"        daemon [_thread_blocked, id=34084, stack(0x00000042b3700000,0x00000042b3800000) (1024K)]
  0x0000015b467f1580 JavaThread "Catalina-utility-1"                [_thread_blocked, id=32680, stack(0x00000042b4300000,0x00000042b4400000) (1024K)]
  0x0000015b485ae2f0 JavaThread "Catalina-utility-2"                [_thread_blocked, id=26844, stack(0x00000042b4400000,0x00000042b4500000) (1024K)]
  0x0000015b4894f970 JavaThread "container-0"                       [_thread_blocked, id=22492, stack(0x00000042b4500000,0x00000042b4600000) (1024K)]
  0x0000015b48950000 JavaThread "mysql-cj-abandoned-connection-cleanup" daemon [_thread_blocked, id=8820, stack(0x00000042b4600000,0x00000042b4700000) (1024K)]
  0x0000015b4894df30 JavaThread "HikariPool-1 housekeeper"   daemon [_thread_blocked, id=26048, stack(0x00000042b4800000,0x00000042b4900000) (1024K)]
  0x0000015b493b5760 JavaThread "http-nio-8080-exec-1"       daemon [_thread_blocked, id=32936, stack(0x00000042b3d00000,0x00000042b3e00000) (1024K)]
  0x0000015b493b8550 JavaThread "http-nio-8080-exec-2"       daemon [_thread_blocked, id=12652, stack(0x00000042b4a00000,0x00000042b4b00000) (1024K)]
  0x0000015b493b9900 JavaThread "http-nio-8080-exec-3"       daemon [_thread_blocked, id=22532, stack(0x00000042b4b00000,0x00000042b4c00000) (1024K)]
  0x0000015b493bacb0 JavaThread "http-nio-8080-exec-4"       daemon [_thread_blocked, id=26520, stack(0x00000042b4c00000,0x00000042b4d00000) (1024K)]
  0x0000015b493b9f90 JavaThread "http-nio-8080-exec-5"       daemon [_thread_blocked, id=33796, stack(0x00000042b4d00000,0x00000042b4e00000) (1024K)]
  0x0000015b493b6b10 JavaThread "http-nio-8080-exec-6"       daemon [_thread_blocked, id=13744, stack(0x00000042b4e00000,0x00000042b4f00000) (1024K)]
  0x0000015b493ba620 JavaThread "http-nio-8080-exec-7"       daemon [_thread_blocked, id=31168, stack(0x00000042b4f00000,0x00000042b5000000) (1024K)]
  0x0000015b493b5df0 JavaThread "http-nio-8080-exec-8"       daemon [_thread_blocked, id=34620, stack(0x00000042b5000000,0x00000042b5100000) (1024K)]
  0x0000015b493b4a40 JavaThread "http-nio-8080-exec-9"       daemon [_thread_blocked, id=25208, stack(0x00000042b5100000,0x00000042b5200000) (1024K)]
  0x0000015b493bb9d0 JavaThread "http-nio-8080-exec-10"      daemon [_thread_blocked, id=26364, stack(0x00000042b5200000,0x00000042b5300000) (1024K)]
  0x0000015b493b6480 JavaThread "http-nio-8080-Poller"       daemon [_thread_blocked, id=24100, stack(0x00000042b5300000,0x00000042b5400000) (1024K)]
  0x0000015b493b50d0 JavaThread "http-nio-8080-Acceptor"     daemon [_thread_in_native, id=14496, stack(0x00000042b5400000,0x00000042b5500000) (1024K)]
  0x0000015b493b7830 JavaThread "DestroyJavaVM"                     [_thread_blocked, id=30740, stack(0x00000042b2400000,0x00000042b2500000) (1024K)]
Total: 29

Other Threads:
=>0x0000015b7e068830 VMThread "VM Thread"                           [id=34116, stack(0x00000042b2b00000,0x00000042b2c00000) (1024K)]
  0x0000015b7e059ab0 WatcherThread "VM Periodic Task Thread"        [id=20408, stack(0x00000042b2a00000,0x00000042b2b00000) (1024K)]
  0x0000015b619d01c0 WorkerThread "GC Thread#0"                     [id=33956, stack(0x00000042b2500000,0x00000042b2600000) (1024K)]
  0x0000015b45dd1ce0 WorkerThread "GC Thread#1"                     [id=1868, stack(0x00000042b3500000,0x00000042b3600000) (1024K)]
  0x0000015b45de56b0 WorkerThread "GC Thread#2"                     [id=9484, stack(0x00000042b3800000,0x00000042b3900000) (1024K)]
  0x0000015b45de5e70 WorkerThread "GC Thread#3"                     [id=22500, stack(0x00000042b3900000,0x00000042b3a00000) (1024K)]
  0x0000015b45de6220 WorkerThread "GC Thread#4"                     [id=19984, stack(0x00000042b3a00000,0x00000042b3b00000) (1024K)]
  0x0000015b45de6be0 WorkerThread "GC Thread#5"                     [id=20264, stack(0x00000042b3b00000,0x00000042b3c00000) (1024K)]
  0x0000015b45de6f90 WorkerThread "GC Thread#6"                     [id=15452, stack(0x00000042b3c00000,0x00000042b3d00000) (1024K)]
  0x0000015b4603e9d0 WorkerThread "GC Thread#7"                     [id=29744, stack(0x00000042b3e00000,0x00000042b3f00000) (1024K)]
  0x0000015b4603dec0 WorkerThread "GC Thread#8"                     [id=26968, stack(0x00000042b3f00000,0x00000042b4000000) (1024K)]
  0x0000015b4603d3b0 WorkerThread "GC Thread#9"                     [id=13844, stack(0x00000042b4000000,0x00000042b4100000) (1024K)]
  0x0000015b619dcd40 ConcurrentGCThread "G1 Main Marker"            [id=21684, stack(0x00000042b2600000,0x00000042b2700000) (1024K)]
  0x0000015b619dda00 WorkerThread "G1 Conc#0"                       [id=13356, stack(0x00000042b2700000,0x00000042b2800000) (1024K)]
  0x0000015b4603db10 WorkerThread "G1 Conc#1"                       [id=12484, stack(0x00000042b4100000,0x00000042b4200000) (1024K)]
  0x0000015b4635cbd0 WorkerThread "G1 Conc#2"                       [id=32620, stack(0x00000042b4200000,0x00000042b4300000) (1024K)]
  0x0000015b7df29580 ConcurrentGCThread "G1 Refine#0"               [id=23952, stack(0x00000042b2800000,0x00000042b2900000) (1024K)]
  0x0000015b7df29f10 ConcurrentGCThread "G1 Service"                [id=8536, stack(0x00000042b2900000,0x00000042b2a00000) (1024K)]
Total: 18

Threads with active compile tasks:
C2 CompilerThread0  56214 7081       4       org.antlr.v4.runtime.atn.ParserATNSimulator::closure_ (343 bytes)
Total: 1

VM state: at safepoint (normal execution)

VM Mutex/Monitor currently owned by a thread:  ([mutex/lock_event])
[0x00007ff861773910] Threads_lock - owner thread: 0x0000015b7e068830
[0x00007ff861773a10] Heap_lock - owner thread: 0x0000015b619dcd40

Heap address: 0x00000000a2600000, size: 1498 MB, Compressed Oops mode: 32-bit

CDS archive(s) mapped at: [0x0000015b00000000-0x0000015b00d70000-0x0000015b00d70000), size 14090240, SharedBaseAddress: 0x0000015b00000000, ArchiveRelocationMode: 1.
Compressed class space mapped at: 0x0000015b01000000-0x0000015b41000000, reserved size: 1073741824
Narrow klass base: 0x0000015b00000000, Narrow klass shift: 0, Narrow klass range: 0x41000000

GC Precious Log:
 CardTable entry size: 512
 Card Set container configuration: InlinePtr #cards 5 size 8 Array Of Cards #cards 10 size 36 Howl #buckets 4 coarsen threshold 1843 Howl Bitmap #cards 512 size 80 coarsen threshold 460 Card regions per heap region 1 cards per card region 2048
 CPUs: 12 total, 12 available
 Memory: 5989M
 Large Page Support: Disabled
 NUMA Support: Disabled
 Compressed Oops: Enabled (32-bit)
 Heap Region Size: 1M
 Heap Min Capacity: 8M
 Heap Initial Capacity: 94M
 Heap Max Capacity: 1498M
 Pre-touch: Disabled
 Parallel Workers: 10
 Concurrent Workers: 3
 Concurrent Refinement Workers: 10
 Periodic GC: Disabled

Heap:
 garbage-first heap   total reserved 1533952K, committed 53248K, used 35829K [0x00000000a2600000, 0x0000000100000000)
  region size 1024K, 4 young (4096K), 2 survivors (2048K)
 Metaspace       used 75376K, committed 76160K, reserved 1114112K
  class space    used 10561K, committed 10880K, reserved 1048576K

Heap Regions: E=young(eden), S=young(survivor), O=old, HS=humongous(starts), HC=humongous(continues), CS=collection set, F=free, TAMS=top-at-mark-start, PB=parsable bottom
|   0|0x00000000a2600000, 0x00000000a2700000, 0x00000000a2700000|100%|HS|  |TAMS 0x00000000a2700000| PB 0x00000000a2600000| Complete |  0
|   1|0x00000000a2700000, 0x00000000a2800000, 0x00000000a2800000|100%| O|  |TAMS 0x00000000a2800000| PB 0x00000000a2800000| Untracked |  0
|   2|0x00000000a2800000, 0x00000000a2900000, 0x00000000a2900000|100%| O|  |TAMS 0x00000000a2900000| PB 0x00000000a2900000| Untracked |  0
|   3|0x00000000a2900000, 0x00000000a2a00000, 0x00000000a2a00000|100%| O|  |TAMS 0x00000000a2a00000| PB 0x00000000a2a00000| Untracked |  0
|   4|0x00000000a2a00000, 0x00000000a2b00000, 0x00000000a2b00000|100%| O|  |TAMS 0x00000000a2b00000| PB 0x00000000a2b00000| Untracked |  0
|   5|0x00000000a2b00000, 0x00000000a2c00000, 0x00000000a2c00000|100%| O|  |TAMS 0x00000000a2c00000| PB 0x00000000a2c00000| Untracked |  0
|   6|0x00000000a2c00000, 0x00000000a2d00000, 0x00000000a2d00000|100%| O|  |TAMS 0x00000000a2d00000| PB 0x00000000a2d00000| Untracked |  0
|   7|0x00000000a2d00000, 0x00000000a2e00000, 0x00000000a2e00000|100%| O|Cm|TAMS 0x00000000a2e00000| PB 0x00000000a2e00000| Updating |  0
|   8|0x00000000a2e00000, 0x00000000a2f00000, 0x00000000a2f00000|100%| O|  |TAMS 0x00000000a2f00000| PB 0x00000000a2f00000| Untracked |  0
|   9|0x00000000a2f00000, 0x00000000a3000000, 0x00000000a3000000|100%| O|  |TAMS 0x00000000a3000000| PB 0x00000000a3000000| Untracked |  0
|  10|0x00000000a3000000, 0x00000000a3100000, 0x00000000a3100000|100%| O|  |TAMS 0x00000000a3100000| PB 0x00000000a3100000| Untracked |  0
|  11|0x00000000a3100000, 0x00000000a3200000, 0x00000000a3200000|100%| O|  |TAMS 0x00000000a3200000| PB 0x00000000a3200000| Untracked |  0
|  12|0x00000000a3200000, 0x00000000a32cbcd0, 0x00000000a3300000| 79%| O|  |TAMS 0x00000000a3200000| PB 0x00000000a3200000| Untracked |  0
|  13|0x00000000a3300000, 0x00000000a3400000, 0x00000000a3400000|100%| O|  |TAMS 0x00000000a3400000| PB 0x00000000a3400000| Untracked |  0
|  14|0x00000000a3400000, 0x00000000a3500000, 0x00000000a3500000|100%| O|  |TAMS 0x00000000a3500000| PB 0x00000000a3500000| Untracked |  0
|  15|0x00000000a3500000, 0x00000000a3600000, 0x00000000a3600000|100%| O|  |TAMS 0x00000000a3600000| PB 0x00000000a3600000| Untracked |  0
|  16|0x00000000a3600000, 0x00000000a3700000, 0x00000000a3700000|100%| O|  |TAMS 0x00000000a3700000| PB 0x00000000a3700000| Untracked |  0
|  17|0x00000000a3700000, 0x00000000a3800000, 0x00000000a3800000|100%| O|  |TAMS 0x00000000a3800000| PB 0x00000000a3800000| Untracked |  0
|  18|0x00000000a3800000, 0x00000000a3900000, 0x00000000a3900000|100%| O|Cm|TAMS 0x00000000a3900000| PB 0x00000000a3900000| Updating |  0
|  19|0x00000000a3900000, 0x00000000a3a00000, 0x00000000a3a00000|100%| O|  |TAMS 0x00000000a3a00000| PB 0x00000000a3a00000| Untracked |  0
|  20|0x00000000a3a00000, 0x00000000a3b00000, 0x00000000a3b00000|100%| O|  |TAMS 0x00000000a3b00000| PB 0x00000000a3b00000| Untracked |  0
|  21|0x00000000a3b00000, 0x00000000a3c00000, 0x00000000a3c00000|100%| O|  |TAMS 0x00000000a3c00000| PB 0x00000000a3c00000| Untracked |  0
|  22|0x00000000a3c00000, 0x00000000a3d00000, 0x00000000a3d00000|100%| O|  |TAMS 0x00000000a3d00000| PB 0x00000000a3d00000| Untracked |  0
|  23|0x00000000a3d00000, 0x00000000a3e00000, 0x00000000a3e00000|100%| O|  |TAMS 0x00000000a3e00000| PB 0x00000000a3e00000| Untracked |  0
|  24|0x00000000a3e00000, 0x00000000a3f00000, 0x00000000a3f00000|100%| O|  |TAMS 0x00000000a3f00000| PB 0x00000000a3f00000| Untracked |  0
|  25|0x00000000a3f00000, 0x00000000a4000000, 0x00000000a4000000|100%| O|  |TAMS 0x00000000a4000000| PB 0x00000000a4000000| Untracked |  0
|  26|0x00000000a4000000, 0x00000000a4100000, 0x00000000a4100000|100%| O|  |TAMS 0x00000000a4100000| PB 0x00000000a4100000| Untracked |  0
|  27|0x00000000a4100000, 0x00000000a4200000, 0x00000000a4200000|100%| O|  |TAMS 0x00000000a4200000| PB 0x00000000a4200000| Untracked |  0
|  28|0x00000000a4200000, 0x00000000a4300000, 0x00000000a4300000|100%| O|  |TAMS 0x00000000a4300000| PB 0x00000000a4300000| Untracked |  0
|  29|0x00000000a4300000, 0x00000000a4400000, 0x00000000a4400000|100%| O|  |TAMS 0x00000000a4400000| PB 0x00000000a4400000| Untracked |  0
|  30|0x00000000a4400000, 0x00000000a4500000, 0x00000000a4500000|100%| O|  |TAMS 0x00000000a4500000| PB 0x00000000a4500000| Untracked |  0
|  31|0x00000000a4500000, 0x00000000a4600000, 0x00000000a4600000|100%| O|  |TAMS 0x00000000a4600000| PB 0x00000000a4600000| Untracked |  0
|  32|0x00000000a4600000, 0x00000000a4700000, 0x00000000a4700000|100%| O|  |TAMS 0x00000000a465fa60| PB 0x00000000a465fa60| Untracked |  0
|  33|0x00000000a4700000, 0x00000000a4700000, 0x00000000a4800000|  0%| F|  |TAMS 0x00000000a4700000| PB 0x00000000a4700000| Untracked |  0
|  34|0x00000000a4800000, 0x00000000a4800000, 0x00000000a4900000|  0%| F|  |TAMS 0x00000000a4800000| PB 0x00000000a4800000| Untracked |  0
|  35|0x00000000a4900000, 0x00000000a4900000, 0x00000000a4a00000|  0%| F|  |TAMS 0x00000000a4900000| PB 0x00000000a4900000| Untracked |  0
|  36|0x00000000a4a00000, 0x00000000a4a00000, 0x00000000a4b00000|  0%| F|  |TAMS 0x00000000a4a00000| PB 0x00000000a4a00000| Untracked |  0
|  37|0x00000000a4b00000, 0x00000000a4b00000, 0x00000000a4c00000|  0%| F|  |TAMS 0x00000000a4b00000| PB 0x00000000a4b00000| Untracked |  0
|  38|0x00000000a4c00000, 0x00000000a4c317c8, 0x00000000a4d00000| 19%| S|CS|TAMS 0x00000000a4c00000| PB 0x00000000a4c00000| Complete |  0
|  39|0x00000000a4d00000, 0x00000000a4e00000, 0x00000000a4e00000|100%| S|CS|TAMS 0x00000000a4d00000| PB 0x00000000a4d00000| Complete |  0
|  40|0x00000000a4e00000, 0x00000000a4e00000, 0x00000000a4f00000|  0%| F|  |TAMS 0x00000000a4e00000| PB 0x00000000a4e00000| Untracked |  0
|  41|0x00000000a4f00000, 0x00000000a4f00000, 0x00000000a5000000|  0%| F|  |TAMS 0x00000000a4f00000| PB 0x00000000a4f00000| Untracked |  0
|  42|0x00000000a5000000, 0x00000000a5000000, 0x00000000a5100000|  0%| F|  |TAMS 0x00000000a5000000| PB 0x00000000a5000000| Untracked |  0
|  43|0x00000000a5100000, 0x00000000a5100000, 0x00000000a5200000|  0%| F|  |TAMS 0x00000000a5100000| PB 0x00000000a5100000| Untracked |  0
|  44|0x00000000a5200000, 0x00000000a5200000, 0x00000000a5300000|  0%| F|  |TAMS 0x00000000a5200000| PB 0x00000000a5200000| Untracked |  0
|  50|0x00000000a5800000, 0x00000000a5800000, 0x00000000a5900000|  0%| F|  |TAMS 0x00000000a5800000| PB 0x00000000a5800000| Untracked |  0
|  51|0x00000000a5900000, 0x00000000a5900000, 0x00000000a5a00000|  0%| F|  |TAMS 0x00000000a5900000| PB 0x00000000a5900000| Untracked |  0
|  52|0x00000000a5a00000, 0x00000000a5a00000, 0x00000000a5b00000|  0%| F|  |TAMS 0x00000000a5a00000| PB 0x00000000a5a00000| Untracked |  0
|  53|0x00000000a5b00000, 0x00000000a5b00000, 0x00000000a5c00000|  0%| F|  |TAMS 0x00000000a5b00000| PB 0x00000000a5b00000| Untracked |  0
|  54|0x00000000a5c00000, 0x00000000a5c00000, 0x00000000a5d00000|  0%| F|  |TAMS 0x00000000a5c00000| PB 0x00000000a5c00000| Untracked |  0
|  55|0x00000000a5d00000, 0x00000000a5d72b68, 0x00000000a5e00000| 44%| E|  |TAMS 0x00000000a5d00000| PB 0x00000000a5d00000| Complete |  0
|  93|0x00000000a8300000, 0x00000000a8400000, 0x00000000a8400000|100%| E|CS|TAMS 0x00000000a8300000| PB 0x00000000a8300000| Complete |  0

Card table byte_map: [0x0000015b799e0000,0x0000015b79cd0000] _byte_map_base: 0x0000015b794cd000

Marking Bits: (CMBitMap*) 0x0000015b619d08d0
 Bits: [0x0000015b79cd0000, 0x0000015b7b438000)

Polling page: 0x0000015b5f7b0000

Metaspace:

Usage:
  Non-class:     63.30 MB used.
      Class:     10.31 MB used.
       Both:     73.61 MB used.

Virtual space:
  Non-class space:       64.00 MB reserved,      63.75 MB (>99%) committed,  1 nodes.
      Class space:        1.00 GB reserved,      10.62 MB (  1%) committed,  1 nodes.
             Both:        1.06 GB reserved,      74.38 MB (  7%) committed. 

Chunk freelists:
   Non-Class:  160.00 KB
       Class:  5.20 MB
        Both:  5.36 MB

MaxMetaspaceSize: unlimited
CompressedClassSpaceSize: 1.00 GB
Initial GC threshold: 21.00 MB
Current GC threshold: 114.50 MB
CDS: on
 - commit_granule_bytes: 65536.
 - commit_granule_words: 8192.
 - virtual_space_node_default_size: 8388608.
 - enlarge_chunks_in_place: 1.
 - use_allocation_guard: 0.


Internal statistics:

num_allocs_failed_limit: 6.
num_arena_births: 1074.
num_arena_deaths: 0.
num_vsnodes_births: 2.
num_vsnodes_deaths: 0.
num_space_committed: 1190.
num_space_uncommitted: 0.
num_chunks_returned_to_freelist: 6.
num_chunks_taken_from_freelist: 3684.
num_chunk_merges: 6.
num_chunk_splits: 2631.
num_chunks_enlarged: 2043.
num_inconsistent_stats: 0.

CodeHeap 'non-profiled nmethods': size=120064Kb used=2633Kb max_used=2841Kb free=117431Kb
 bounds [0x0000015b71b50000, 0x0000015b71e20000, 0x0000015b79090000]
CodeHeap 'profiled nmethods': size=120000Kb used=8648Kb max_used=8763Kb free=111351Kb
 bounds [0x0000015b6a090000, 0x0000015b6a920000, 0x0000015b715c0000]
CodeHeap 'non-nmethods': size=5696Kb used=1735Kb max_used=1780Kb free=3960Kb
 bounds [0x0000015b715c0000, 0x0000015b71830000, 0x0000015b71b50000]
CodeCache: size=245760Kb, used=13016Kb, max_used=13384Kb, free=232742Kb
 total_blobs=6811, nmethods=6040, adapters=676, full_count=0
Compilation: enabled, stopped_count=0, restarted_count=0

Compilation events (20 events):
Event: 56.014 Thread 0x0000015b7e09a0d0 nmethod 6902 0x0000015b71e14b88 code [0x0000015b71e14da0, 0x0000015b71e16280]
Event: 56.014 Thread 0x0000015b7e09a0d0 7081       4       org.antlr.v4.runtime.atn.ParserATNSimulator::closure_ (343 bytes)
Event: 56.019 Thread 0x0000015b7e09c7c0 7104       2       org.antlr.v4.runtime.atn.ATNConfigSet$ConfigEqualityComparator::hashCode (41 bytes)
Event: 56.020 Thread 0x0000015b7e09c7c0 nmethod 7104 0x0000015b6a91c988 code [0x0000015b6a91caa0, 0x0000015b6a91cc10]
Event: 56.020 Thread 0x0000015b7e09c7c0 7105       3       org.antlr.v4.runtime.atn.ATNConfig::hashCode (53 bytes)
Event: 56.020 Thread 0x0000015b7e09c7c0 nmethod 7105 0x0000015b6a91cc88 code [0x0000015b6a91ce20, 0x0000015b6a91d2c0]
Event: 56.022 Thread 0x0000015b7e09c7c0 7106       2       org.antlr.v4.runtime.atn.ATNConfigSet$ConfigEqualityComparator::equals (65 bytes)
Event: 56.023 Thread 0x0000015b7e09c7c0 nmethod 7106 0x0000015b6a91d308 code [0x0000015b6a91d440, 0x0000015b6a91d650]
Event: 56.023 Thread 0x0000015b7e09c7c0 7107       2       org.antlr.v4.runtime.atn.ATNConfig::equals (86 bytes)
Event: 56.023 Thread 0x0000015b7e09c7c0 nmethod 7107 0x0000015b6a91d688 code [0x0000015b6a91d7c0, 0x0000015b6a91da98]
Event: 56.023 Thread 0x0000015b7e09c7c0 7108   !   3       org.antlr.v4.runtime.atn.ATNSimulator::getCachedContext (43 bytes)
Event: 56.023 Thread 0x0000015b7e09c7c0 nmethod 7108 0x0000015b6a91db08 code [0x0000015b6a91dc60, 0x0000015b6a91e270]
Event: 56.023 Thread 0x0000015b7e09c7c0 7109       2       org.antlr.v4.runtime.atn.ATNConfigSet$AbstractConfigHashSet::createBuckets (6 bytes)
Event: 56.024 Thread 0x0000015b7e09c7c0 nmethod 7109 0x0000015b6a91e308 code [0x0000015b6a91e420, 0x0000015b6a91e5b8]
Event: 56.024 Thread 0x0000015b7e09c7c0 7110       2       org.antlr.v4.runtime.atn.ATNConfigSet$AbstractConfigHashSet::createBuckets (5 bytes)
Event: 56.024 Thread 0x0000015b7e09c7c0 nmethod 7110 0x0000015b6a91e608 code [0x0000015b6a91e720, 0x0000015b6a91e8b8]
Event: 56.024 Thread 0x0000015b7e09c7c0 7112       3       org.antlr.v4.runtime.atn.ParserATNSimulator::getReachableTarget (23 bytes)
Event: 56.024 Thread 0x0000015b7e09c7c0 nmethod 7112 0x0000015b6a91e908 code [0x0000015b6a91ea40, 0x0000015b6a91ec98]
Event: 56.024 Thread 0x0000015b7e09c7c0 7111       1       org.antlr.v4.runtime.atn.ATNConfigSet::isReadonly (5 bytes)
Event: 56.025 Thread 0x0000015b7e09c7c0 nmethod 7111 0x0000015b71e16308 code [0x0000015b71e16420, 0x0000015b71e164f0]

GC Heap History (20 events):
Event: 8.294 GC heap before
{Heap before GC invocations=12 (full 0):
 garbage-first heap   total reserved 1533952K, committed 48128K, used 40688K [0x00000000a2600000, 0x0000000100000000)
  region size 1024K, 19 young (19456K), 2 survivors (2048K)
 Metaspace       used 52062K, committed 52608K, reserved 1114112K
  class space    used 6995K, committed 7232K, reserved 1048576K
}
Event: 8.297 GC heap after
{Heap after GC invocations=13 (full 0):
 garbage-first heap   total reserved 1533952K, committed 48128K, used 25074K [0x00000000a2600000, 0x0000000100000000)
  region size 1024K, 3 young (3072K), 3 survivors (3072K)
 Metaspace       used 52062K, committed 52608K, reserved 1114112K
  class space    used 6995K, committed 7232K, reserved 1048576K
}
Event: 8.700 GC heap before
{Heap before GC invocations=14 (full 0):
 garbage-first heap   total reserved 1533952K, committed 48128K, used 39410K [0x00000000a2600000, 0x0000000100000000)
  region size 1024K, 18 young (18432K), 3 survivors (3072K)
 Metaspace       used 55576K, committed 56128K, reserved 1114112K
  class space    used 7463K, committed 7680K, reserved 1048576K
}
Event: 8.704 GC heap after
{Heap after GC invocations=15 (full 0):
 garbage-first heap   total reserved 1533952K, committed 48128K, used 25821K [0x00000000a2600000, 0x0000000100000000)
  region size 1024K, 2 young (2048K), 2 survivors (2048K)
 Metaspace       used 55576K, committed 56128K, reserved 1114112K
  class space    used 7463K, committed 7680K, reserved 1048576K
}
Event: 9.135 GC heap before
{Heap before GC invocations=15 (full 0):
 garbage-first heap   total reserved 1533952K, committed 48128K, used 40157K [0x00000000a2600000, 0x0000000100000000)
  region size 1024K, 17 young (17408K), 2 survivors (2048K)
 Metaspace       used 60406K, committed 60992K, reserved 1114112K
  class space    used 8302K, committed 8576K, reserved 1048576K
}
Event: 9.139 GC heap after
{Heap after GC invocations=16 (full 0):
 garbage-first heap   total reserved 1533952K, committed 48128K, used 26164K [0x00000000a2600000, 0x0000000100000000)
  region size 1024K, 3 young (3072K), 3 survivors (3072K)
 Metaspace       used 60406K, committed 60992K, reserved 1114112K
  class space    used 8302K, committed 8576K, reserved 1048576K
}
Event: 9.515 GC heap before
{Heap before GC invocations=16 (full 0):
 garbage-first heap   total reserved 1533952K, committed 48128K, used 39476K [0x00000000a2600000, 0x0000000100000000)
  region size 1024K, 17 young (17408K), 3 survivors (3072K)
 Metaspace       used 63984K, committed 64576K, reserved 1114112K
  class space    used 8851K, committed 9088K, reserved 1048576K
}
Event: 9.519 GC heap after
{Heap after GC invocations=17 (full 0):
 garbage-first heap   total reserved 1533952K, committed 48128K, used 26656K [0x00000000a2600000, 0x0000000100000000)
  region size 1024K, 2 young (2048K), 2 survivors (2048K)
 Metaspace       used 63984K, committed 64576K, reserved 1114112K
  class space    used 8851K, committed 9088K, reserved 1048576K
}
Event: 9.906 GC heap before
{Heap before GC invocations=18 (full 0):
 garbage-first heap   total reserved 1533952K, committed 48128K, used 40992K [0x00000000a2600000, 0x0000000100000000)
  region size 1024K, 17 young (17408K), 2 survivors (2048K)
 Metaspace       used 66362K, committed 66944K, reserved 1114112K
  class space    used 9179K, committed 9408K, reserved 1048576K
}
Event: 9.909 GC heap after
{Heap after GC invocations=19 (full 0):
 garbage-first heap   total reserved 1533952K, committed 48128K, used 28297K [0x00000000a2600000, 0x0000000100000000)
  region size 1024K, 3 young (3072K), 3 survivors (3072K)
 Metaspace       used 66362K, committed 66944K, reserved 1114112K
  class space    used 9179K, committed 9408K, reserved 1048576K
}
Event: 10.188 GC heap before
{Heap before GC invocations=19 (full 0):
 garbage-first heap   total reserved 1533952K, committed 48128K, used 40585K [0x00000000a2600000, 0x0000000100000000)
  region size 1024K, 15 young (15360K), 3 survivors (3072K)
 Metaspace       used 67646K, committed 68288K, reserved 1114112K
  class space    used 9353K, committed 9600K, reserved 1048576K
}
Event: 10.192 GC heap after
{Heap after GC invocations=20 (full 0):
 garbage-first heap   total reserved 1533952K, committed 48128K, used 29748K [0x00000000a2600000, 0x0000000100000000)
  region size 1024K, 2 young (2048K), 2 survivors (2048K)
 Metaspace       used 67646K, committed 68288K, reserved 1114112K
  class space    used 9353K, committed 9600K, reserved 1048576K
}
Event: 10.522 GC heap before
{Heap before GC invocations=20 (full 0):
 garbage-first heap   total reserved 1533952K, committed 48128K, used 42036K [0x00000000a2600000, 0x0000000100000000)
  region size 1024K, 14 young (14336K), 2 survivors (2048K)
 Metaspace       used 69527K, committed 70208K, reserved 1114112K
  class space    used 9601K, committed 9920K, reserved 1048576K
}
Event: 10.526 GC heap after
{Heap after GC invocations=21 (full 0):
 garbage-first heap   total reserved 1533952K, committed 48128K, used 31052K [0x00000000a2600000, 0x0000000100000000)
  region size 1024K, 2 young (2048K), 2 survivors (2048K)
 Metaspace       used 69527K, committed 70208K, reserved 1114112K
  class space    used 9601K, committed 9920K, reserved 1048576K
}
Event: 10.818 GC heap before
{Heap before GC invocations=22 (full 0):
 garbage-first heap   total reserved 1533952K, committed 53248K, used 41292K [0x00000000a2600000, 0x0000000100000000)
  region size 1024K, 12 young (12288K), 2 survivors (2048K)
 Metaspace       used 70865K, committed 71680K, reserved 1114112K
  class space    used 9799K, committed 10176K, reserved 1048576K
}
Event: 10.821 GC heap after
{Heap after GC invocations=23 (full 0):
 garbage-first heap   total reserved 1533952K, committed 53248K, used 32425K [0x00000000a2600000, 0x0000000100000000)
  region size 1024K, 2 young (2048K), 2 survivors (2048K)
 Metaspace       used 70865K, committed 71680K, reserved 1114112K
  class space    used 9799K, committed 10176K, reserved 1048576K
}
Event: 55.455 GC heap before
{Heap before GC invocations=23 (full 0):
 garbage-first heap   total reserved 1533952K, committed 53248K, used 44713K [0x00000000a2600000, 0x0000000100000000)
  region size 1024K, 15 young (15360K), 2 survivors (2048K)
 Metaspace       used 73184K, committed 73920K, reserved 1114112K
  class space    used 10120K, committed 10432K, reserved 1048576K
}
Event: 55.461 GC heap after
{Heap after GC invocations=24 (full 0):
 garbage-first heap   total reserved 1533952K, committed 53248K, used 33632K [0x00000000a2600000, 0x0000000100000000)
  region size 1024K, 2 young (2048K), 2 survivors (2048K)
 Metaspace       used 73184K, committed 73920K, reserved 1114112K
  class space    used 10120K, committed 10432K, reserved 1048576K
}
Event: 55.991 GC heap before
{Heap before GC invocations=24 (full 0):
 garbage-first heap   total reserved 1533952K, committed 53248K, used 44896K [0x00000000a2600000, 0x0000000100000000)
  region size 1024K, 14 young (14336K), 2 survivors (2048K)
 Metaspace       used 75368K, committed 76160K, reserved 1114112K
  class space    used 10561K, committed 10880K, reserved 1048576K
}
Event: 55.997 GC heap after
{Heap after GC invocations=25 (full 0):
 garbage-first heap   total reserved 1533952K, committed 53248K, used 34805K [0x00000000a2600000, 0x0000000100000000)
  region size 1024K, 2 young (2048K), 2 survivors (2048K)
 Metaspace       used 75368K, committed 76160K, reserved 1114112K
  class space    used 10561K, committed 10880K, reserved 1048576K
}

Dll operation events (14 events):
Event: 0.016 Loaded shared library C:\Program Files\Java\jdk-23\bin\java.dll
Event: 0.096 Loaded shared library C:\Program Files\Java\jdk-23\bin\jsvml.dll
Event: 0.288 Loaded shared library C:\Program Files\Java\jdk-23\bin\zip.dll
Event: 0.294 Loaded shared library C:\Program Files\Java\jdk-23\bin\instrument.dll
Event: 0.305 Loaded shared library C:\Program Files\Java\jdk-23\bin\net.dll
Event: 0.308 Loaded shared library C:\Program Files\Java\jdk-23\bin\nio.dll
Event: 0.314 Loaded shared library C:\Program Files\Java\jdk-23\bin\zip.dll
Event: 0.588 Loaded shared library D:\Program Files\JetBrains\IntelliJ IDEA Community Edition 2024.2.3\bin\breakgen64.dll
Event: 0.607 Loaded shared library C:\Program Files\Java\jdk-23\bin\extnet.dll
Event: 0.694 Loaded shared library C:\Program Files\Java\jdk-23\bin\jimage.dll
Event: 3.671 Loaded shared library C:\Program Files\Java\jdk-23\bin\sunmscapi.dll
Event: 5.917 Loaded shared library C:\Program Files\Java\jdk-23\bin\management.dll
Event: 5.922 Loaded shared library C:\Program Files\Java\jdk-23\bin\management_ext.dll
Event: 7.499 Loaded shared library C:\Program Files\Java\jdk-23\bin\verify.dll

Deoptimization events (20 events):
Event: 55.394 Thread 0x0000015b493b5760 Uncommon trap: trap_request=0xffffff45 fr.pc=0x0000015b71c4ad78 relative=0x0000000000000178
Event: 55.394 Thread 0x0000015b493b5760 Uncommon trap: reason=unstable_if action=reinterpret pc=0x0000015b71c4ad78 method=java.lang.String.equals(Ljava/lang/Object;)Z @ 33 c2
Event: 55.394 Thread 0x0000015b493b5760 DEOPT PACKING pc=0x0000015b71c4ad78 sp=0x00000042b3dfd3b0
Event: 55.394 Thread 0x0000015b493b5760 DEOPT UNPACKING pc=0x0000015b71614402 sp=0x00000042b3dfd340 mode 2
Event: 55.408 Thread 0x0000015b493b5760 Uncommon trap: trap_request=0xffffff45 fr.pc=0x0000015b71c96670 relative=0x0000000000000590
Event: 55.408 Thread 0x0000015b493b5760 Uncommon trap: reason=unstable_if action=reinterpret pc=0x0000015b71c96670 method=sun.reflect.annotation.AnnotationInvocationHandler.invoke(Ljava/lang/Object;Ljava/lang/reflect/Method;[Ljava/lang/Object;)Ljava/lang/Object; @ 76 c2
Event: 55.408 Thread 0x0000015b493b5760 DEOPT PACKING pc=0x0000015b71c96670 sp=0x00000042b3dfca30
Event: 55.408 Thread 0x0000015b493b5760 DEOPT UNPACKING pc=0x0000015b71614402 sp=0x00000042b3dfc9d8 mode 2
Event: 55.442 Thread 0x0000015b493b5760 Uncommon trap: trap_request=0xffffffbe fr.pc=0x0000015b71d53a04 relative=0x0000000000000364
Event: 55.442 Thread 0x0000015b493b5760 Uncommon trap: reason=profile_predicate action=maybe_recompile pc=0x0000015b71d53a04 method=java.util.Arrays$ArrayList.indexOf(Ljava/lang/Object;)I @ 39 c2
Event: 55.442 Thread 0x0000015b493b5760 DEOPT PACKING pc=0x0000015b71d53a04 sp=0x00000042b3dfc140
Event: 55.442 Thread 0x0000015b493b5760 DEOPT UNPACKING pc=0x0000015b71614402 sp=0x00000042b3dfc0b8 mode 2
Event: 55.500 Thread 0x0000015b493b5760 Uncommon trap: trap_request=0xffffff45 fr.pc=0x0000015b71c7a7a8 relative=0x0000000000000248
Event: 55.500 Thread 0x0000015b493b5760 Uncommon trap: reason=unstable_if action=reinterpret pc=0x0000015b71c7a7a8 method=org.springframework.beans.factory.support.AbstractAutowireCapableBeanFactory.determineTargetType(Ljava/lang/String;Lorg/springframework/beans/factory/support/RootBeanDefinit
Event: 55.500 Thread 0x0000015b493b5760 DEOPT PACKING pc=0x0000015b71c7a7a8 sp=0x00000042b3dfc410
Event: 55.500 Thread 0x0000015b493b5760 DEOPT UNPACKING pc=0x0000015b71614402 sp=0x00000042b3dfc3d8 mode 2
Event: 56.007 Thread 0x0000015b493b5760 Uncommon trap: trap_request=0xffffff45 fr.pc=0x0000015b71c6c71c relative=0x000000000000033c
Event: 56.007 Thread 0x0000015b493b5760 Uncommon trap: reason=unstable_if action=reinterpret pc=0x0000015b71c6c71c method=java.util.HashMap.getNode(Ljava/lang/Object;)Ljava/util/HashMap$Node; @ 66 c2
Event: 56.007 Thread 0x0000015b493b5760 DEOPT PACKING pc=0x0000015b71c6c71c sp=0x00000042b3df6b60
Event: 56.007 Thread 0x0000015b493b5760 DEOPT UNPACKING pc=0x0000015b71614402 sp=0x00000042b3df6a70 mode 2

Classes loaded (20 events):
Event: 55.156 Loading class sun/nio/ch/SocketAdaptor
Event: 55.156 Loading class sun/nio/ch/SocketAdaptor done
Event: 55.157 Loading class sun/nio/ch/SocketChannelImpl$DefaultOptionsHolder
Event: 55.157 Loading class sun/nio/ch/SocketChannelImpl$DefaultOptionsHolder done
Event: 55.160 Loading class sun/nio/ch/SelectionKeyImpl
Event: 55.161 Loading class java/nio/channels/spi/AbstractSelectionKey
Event: 55.161 Loading class java/nio/channels/SelectionKey
Event: 55.162 Loading class java/nio/channels/SelectionKey done
Event: 55.162 Loading class java/nio/channels/spi/AbstractSelectionKey done
Event: 55.162 Loading class sun/nio/ch/SelectionKeyImpl done
Event: 55.162 Loading class java/lang/invoke/ConstantBootstraps
Event: 55.163 Loading class java/lang/invoke/ConstantBootstraps done
Event: 55.423 Loading class sun/reflect/annotation/TypeAnnotation$TypeAnnotationTargetInfo
Event: 55.424 Loading class sun/reflect/annotation/TypeAnnotation$TypeAnnotationTargetInfo done
Event: 55.424 Loading class sun/reflect/annotation/AnnotatedTypeFactory$AnnotatedArrayTypeImpl
Event: 55.425 Loading class sun/reflect/annotation/AnnotatedTypeFactory$AnnotatedArrayTypeImpl done
Event: 55.541 Loading class java/util/EmptyStackException
Event: 55.541 Loading class java/util/EmptyStackException done
Event: 55.579 Loading class java/io/InvalidClassException
Event: 55.579 Loading class java/io/InvalidClassException done

Classes unloaded (0 events):
No events

Classes redefined (0 events):
No events

Internal exceptions (20 events):
Event: 9.689 Thread 0x0000015b5f4ebd30 Implicit null exception at 0x0000015b71d86c49 to 0x0000015b71d889b8
Event: 9.700 Thread 0x0000015b5f4ebd30 Exception <a 'java/lang/IncompatibleClassChangeError'{0x00000000a4dc96d0}: Found class java.lang.Object, but interface was expected> (0x00000000a4dc96d0) 
thrown [s\open\src\hotspot\share\interpreter\linkResolver.cpp, line 863]
Event: 9.745 Thread 0x0000015b5f4ebd30 Exception <a 'java/lang/IncompatibleClassChangeError'{0x00000000a4b37e00}: Found class java.lang.Object, but interface was expected> (0x00000000a4b37e00) 
thrown [s\open\src\hotspot\share\interpreter\linkResolver.cpp, line 863]
Event: 9.950 Thread 0x0000015b5f4ebd30 Exception <a 'java/lang/IncompatibleClassChangeError'{0x00000000a5d552a8}: Found class java.lang.Object, but interface was expected> (0x00000000a5d552a8) 
thrown [s\open\src\hotspot\share\interpreter\linkResolver.cpp, line 863]
Event: 10.105 Thread 0x0000015b5f4ebd30 Exception <a 'java/lang/NoSuchMethodError'{0x00000000a5839230}: 'java.lang.Object java.lang.invoke.DirectMethodHandle$Holder.invokeInterface(java.lang.Object, java.lang.Object, java.lang.Object, java.lang.Object)'> (0x00000000a5839230) 
thrown [s\open\src\hotspot\share\interpreter\linkResolver.cpp, line 796]
Event: 10.140 Thread 0x0000015b5f4ebd30 Exception <a 'java/lang/NoSuchMethodError'{0x00000000a4d7aeb0}: 'java.lang.Object java.lang.invoke.DirectMethodHandle$Holder.newInvokeSpecial(java.lang.Object, java.lang.Object, java.lang.Object, java.lang.Object, java.lang.Object, java.lang.Object, java.lang.Object, java.lang.Object)'> (0x00000000a4d7aeb0) 
thrown [s\open\src\hotspot\share\interpreter\linkResolver.cpp, line 796]
Event: 10.271 Thread 0x0000015b5f4ebd30 Exception <a 'java/lang/NoSuchMethodError'{0x00000000a5ca7300}: 'java.lang.Object java.lang.invoke.DirectMethodHandle$Holder.invokeVirtual(java.lang.Object, java.lang.Object, java.lang.Object, java.lang.Object, java.lang.Object, java.lang.Object, java.lang.Object)'> (0x00000000a5ca7300) 
thrown [s\open\src\hotspot\share\interpreter\linkResolver.cpp, line 796]
Event: 10.562 Thread 0x0000015b5f4ebd30 Exception <a 'java/lang/IncompatibleClassChangeError'{0x00000000a5c16788}: Found class java.lang.Object, but interface was expected> (0x00000000a5c16788) 
thrown [s\open\src\hotspot\share\interpreter\linkResolver.cpp, line 863]
Event: 10.585 Thread 0x0000015b5f4ebd30 Implicit null exception at 0x0000015b71c47448 to 0x0000015b71c47504
Event: 10.621 Thread 0x0000015b5f4ebd30 Exception <a 'java/lang/NoSuchMethodError'{0x00000000a5bde138}: 'void java.lang.invoke.DirectMethodHandle$Holder.invokeVirtual(java.lang.Object, java.lang.Object, long)'> (0x00000000a5bde138) 
thrown [s\open\src\hotspot\share\interpreter\linkResolver.cpp, line 796]
Event: 10.718 Thread 0x0000015b5f4ebd30 Exception <a 'java/lang/NoSuchMethodError'{0x00000000a5235648}: 'int java.lang.invoke.DirectMethodHandle$Holder.invokeStaticInit(java.lang.Object, java.lang.Object, java.lang.Object, java.lang.Object)'> (0x00000000a5235648) 
thrown [s\open\src\hotspot\share\interpreter\linkResolver.cpp, line 796]
Event: 10.753 Thread 0x0000015b5f4ebd30 Exception <a 'java/lang/NoSuchMethodError'{0x00000000a5104ef8}: 'java.lang.Object java.lang.invoke.DirectMethodHandle$Holder.invokeVirtual(java.lang.Object, java.lang.Object, java.lang.Object, java.lang.Object, java.lang.Object, java.lang.Object, java.lang.Object, java.lang.Object, java.lang.Object)'> (0x00000000a5104ef8) 
thrown [s\open\src\hotspot\share\interpreter\linkResolver.cpp, line 796]
Event: 10.807 Thread 0x0000015b5f4ebd30 Exception <a 'java/lang/NoSuchMethodError'{0x00000000a5092c50}: 'java.lang.Object java.lang.invoke.DirectMethodHandle$Holder.invokeVirtual(java.lang.Object, java.lang.Object, java.lang.Object, java.lang.Object, java.lang.Object, java.lang.Object, java.lang.Object, java.lang.Object, java.lang.Object, java.lang.Object)'> (0x00000000a5092c50) 
thrown [s\open\src\hotspot\share\interpreter\linkResolver.cpp, line 796]
Event: 10.865 Thread 0x0000015b5f4ebd30 Exception <a 'java/lang/IncompatibleClassChangeError'{0x00000000a5d555b0}: Found class java.lang.Object, but interface was expected> (0x00000000a5d555b0) 
thrown [s\open\src\hotspot\share\interpreter\linkResolver.cpp, line 863]
Event: 10.877 Thread 0x0000015b5f4ebd30 Implicit null exception at 0x0000015b71c74868 to 0x0000015b71c74ac4
Event: 10.958 Thread 0x0000015b5f4ebd30 Exception <a 'java/lang/NoSuchMethodError'{0x00000000a5998a28}: 'java.lang.Object java.lang.invoke.DirectMethodHandle$Holder.newInvokeSpecial(java.lang.Object, java.lang.Object, int, java.lang.Object, java.lang.Object)'> (0x00000000a5998a28) 
thrown [s\open\src\hotspot\share\interpreter\linkResolver.cpp, line 796]
Event: 55.237 Thread 0x0000015b493b5760 Exception <a 'java/lang/NoSuchMethodError'{0x00000000a51e3718}: 'java.lang.Object java.lang.invoke.DirectMethodHandle$Holder.invokeSpecial(java.lang.Object, java.lang.Object, java.lang.Object, java.lang.Object, java.lang.Object, long)'> (0x00000000a51e3718) 
thrown [s\open\src\hotspot\share\interpreter\linkResolver.cpp, line 796]
Event: 55.237 Thread 0x0000015b493b5760 Exception <a 'java/lang/NoSuchMethodError'{0x00000000a51e6ea8}: 'java.lang.Object java.lang.invoke.Invokers$Holder.linkToTargetMethod(java.lang.Object, java.lang.Object, java.lang.Object, long, java.lang.Object)'> (0x00000000a51e6ea8) 
thrown [s\open\src\hotspot\share\interpreter\linkResolver.cpp, line 796]
Event: 55.415 Thread 0x0000015b493b5760 Exception <a 'java/lang/NoSuchMethodError'{0x00000000a4b41de0}: 'java.lang.Object java.lang.invoke.DelegatingMethodHandle$Holder.reinvoke_L(java.lang.Object, java.lang.Object, int, int, java.lang.Object, java.lang.Object)'> (0x00000000a4b41de0) 
thrown [s\open\src\hotspot\share\interpreter\linkResolver.cpp, line 796]
Event: 55.434 Thread 0x0000015b493b5760 Exception <a 'java/lang/NoSuchMethodError'{0x00000000a4b8b1c8}: 'long java.lang.invoke.DelegatingMethodHandle$Holder.reinvoke_L(java.lang.Object, java.lang.Object)'> (0x00000000a4b8b1c8) 
thrown [s\open\src\hotspot\share\interpreter\linkResolver.cpp, line 796]

VM Operations (20 events):
Event: 10.555 Executing VM operation: G1PauseCleanup done
Event: 10.656 Executing VM operation: HandshakeAllThreads (Deoptimize)
Event: 10.656 Executing VM operation: HandshakeAllThreads (Deoptimize) done
Event: 10.818 Executing VM operation: G1CollectForAllocation (G1 Evacuation Pause)
Event: 10.821 Executing VM operation: G1CollectForAllocation (G1 Evacuation Pause) done
Event: 55.265 Executing VM operation: HandshakeAllThreads (Deoptimize)
Event: 55.265 Executing VM operation: HandshakeAllThreads (Deoptimize) done
Event: 55.404 Executing VM operation: HandshakeAllThreads (Deoptimize)
Event: 55.404 Executing VM operation: HandshakeAllThreads (Deoptimize) done
Event: 55.454 Executing VM operation: G1CollectForAllocation (G1 Evacuation Pause)
Event: 55.461 Executing VM operation: G1CollectForAllocation (G1 Evacuation Pause) done
Event: 55.500 Executing VM operation: HandshakeAllThreads (Deoptimize)
Event: 55.500 Executing VM operation: HandshakeAllThreads (Deoptimize) done
Event: 55.613 Executing VM operation: HandshakeAllThreads (Deoptimize)
Event: 55.613 Executing VM operation: HandshakeAllThreads (Deoptimize) done
Event: 55.991 Executing VM operation: G1CollectForAllocation (G1 Evacuation Pause)
Event: 55.997 Executing VM operation: G1CollectForAllocation (G1 Evacuation Pause) done
Event: 56.019 Executing VM operation: HandshakeAllThreads (Deoptimize)
Event: 56.019 Executing VM operation: HandshakeAllThreads (Deoptimize) done
Event: 56.026 Executing VM operation: G1PauseRemark

Memory protections (0 events):
No events

Nmethod flushes (20 events):
Event: 56.031 Thread 0x0000015b7e068830 flushing  nmethod 0x0000015b71d97908
Event: 56.031 Thread 0x0000015b7e068830 flushing  nmethod 0x0000015b71d9c488
Event: 56.031 Thread 0x0000015b7e068830 flushing osr nmethod 0x0000015b6a111e88
Event: 56.031 Thread 0x0000015b7e068830 flushing  nmethod 0x0000015b6a1b6b08
Event: 56.031 Thread 0x0000015b7e068830 flushing  nmethod 0x0000015b6a3d2408
Event: 56.031 Thread 0x0000015b7e068830 flushing  nmethod 0x0000015b6a454808
Event: 56.031 Thread 0x0000015b7e068830 flushing  nmethod 0x0000015b6a50d688
Event: 56.031 Thread 0x0000015b7e068830 flushing  nmethod 0x0000015b6a50d988
Event: 56.031 Thread 0x0000015b7e068830 flushing osr nmethod 0x0000015b71cbbb88
Event: 56.031 Thread 0x0000015b7e068830 flushing  nmethod 0x0000015b71d28808
Event: 56.031 Thread 0x0000015b7e068830 flushing  nmethod 0x0000015b6a527c08
Event: 56.031 Thread 0x0000015b7e068830 flushing  nmethod 0x0000015b6a529f88
Event: 56.031 Thread 0x0000015b7e068830 flushing  nmethod 0x0000015b6a55fc88
Event: 56.031 Thread 0x0000015b7e068830 flushing  nmethod 0x0000015b6a560088
Event: 56.031 Thread 0x0000015b7e068830 flushing  nmethod 0x0000015b6a560388
Event: 56.031 Thread 0x0000015b7e068830 flushing  nmethod 0x0000015b6a60a388
Event: 56.031 Thread 0x0000015b7e068830 flushing  nmethod 0x0000015b6a60c208
Event: 56.031 Thread 0x0000015b7e068830 flushing  nmethod 0x0000015b6a650908
Event: 56.031 Thread 0x0000015b7e068830 flushing  nmethod 0x0000015b6a86b008
Event: 56.031 Thread 0x0000015b7e068830 flushing  nmethod 0x0000015b6a519408

Events (20 events):
Event: 6.929 Thread 0x0000015b5f4ebd30 Thread added: 0x0000015b4894df30
Event: 7.038 Thread 0x0000015b4894df30 Thread added: 0x0000015b4894d210
Event: 9.406 Thread 0x0000015b7e09ce90 Thread exited: 0x0000015b7e09ce90
Event: 10.972 Thread 0x0000015b5f4ebd30 Thread added: 0x0000015b493b5760
Event: 10.973 Thread 0x0000015b5f4ebd30 Thread added: 0x0000015b493b8550
Event: 10.973 Thread 0x0000015b5f4ebd30 Thread added: 0x0000015b493b9900
Event: 10.973 Thread 0x0000015b5f4ebd30 Thread added: 0x0000015b493bacb0
Event: 10.973 Thread 0x0000015b5f4ebd30 Thread added: 0x0000015b493b9f90
Event: 10.973 Thread 0x0000015b5f4ebd30 Thread added: 0x0000015b493b6b10
Event: 10.973 Thread 0x0000015b5f4ebd30 Thread added: 0x0000015b493ba620
Event: 10.973 Thread 0x0000015b5f4ebd30 Thread added: 0x0000015b493b5df0
Event: 10.973 Thread 0x0000015b5f4ebd30 Thread added: 0x0000015b493b4a40
Event: 10.973 Thread 0x0000015b5f4ebd30 Thread added: 0x0000015b493bb9d0
Event: 10.993 Thread 0x0000015b5f4ebd30 Thread added: 0x0000015b493b6480
Event: 10.995 Thread 0x0000015b5f4ebd30 Thread added: 0x0000015b493b50d0
Event: 11.014 Thread 0x0000015b5f4ebd30 Thread exited: 0x0000015b5f4ebd30
Event: 11.014 Thread 0x0000015b493b7830 Thread added: 0x0000015b493b7830
Event: 11.634 Thread 0x0000015b7e09a0d0 Thread added: 0x0000015b7e09b350
Event: 12.584 Thread 0x0000015b7e09b350 Thread exited: 0x0000015b7e09b350
Event: 12.584 Thread 0x0000015b4894d210 Thread exited: 0x0000015b4894d210


Dynamic libraries:
0x00007ff79b1f0000 - 0x00007ff79b200000 	C:\Program Files\Java\jdk-23\bin\java.exe
0x00007ff8d3070000 - 0x00007ff8d3287000 	C:\WINDOWS\SYSTEM32\ntdll.dll
0x00007ff8d1eb0000 - 0x00007ff8d1f74000 	C:\WINDOWS\System32\KERNEL32.DLL
0x00007ff8d0830000 - 0x00007ff8d0be9000 	C:\WINDOWS\System32\KERNELBASE.dll
0x00007ff8d0640000 - 0x00007ff8d0751000 	C:\WINDOWS\System32\ucrtbase.dll
0x00007ff8c8e60000 - 0x00007ff8c8e77000 	C:\Program Files\Java\jdk-23\bin\jli.dll
0x00007ff8bf6d0000 - 0x00007ff8bf6eb000 	C:\Program Files\Java\jdk-23\bin\VCRUNTIME140.dll
0x00007ff8d17b0000 - 0x00007ff8d195f000 	C:\WINDOWS\System32\USER32.dll
0x00007ff8aaa50000 - 0x00007ff8aace2000 	C:\WINDOWS\WinSxS\amd64_microsoft.windows.common-controls_6595b64144ccf1df_6.0.22621.4387_none_27144a857381bf05\COMCTL32.dll
0x00007ff8d0800000 - 0x00007ff8d0826000 	C:\WINDOWS\System32\win32u.dll
0x00007ff8d2230000 - 0x00007ff8d22d7000 	C:\WINDOWS\System32\msvcrt.dll
0x00007ff8d2090000 - 0x00007ff8d20b9000 	C:\WINDOWS\System32\GDI32.dll
0x00007ff8d0bf0000 - 0x00007ff8d0d0b000 	C:\WINDOWS\System32\gdi32full.dll
0x00007ff8d0760000 - 0x00007ff8d07fa000 	C:\WINDOWS\System32\msvcp_win.dll
0x00007ff8d1180000 - 0x00007ff8d11b1000 	C:\WINDOWS\System32\IMM32.DLL
0x00007ff8a8720000 - 0x00007ff8a880b000 	C:\Program Files\Windhawk\Engine\1.5.1\64\windhawk.dll
0x00007ff8d2d90000 - 0x00007ff8d2e42000 	C:\WINDOWS\System32\ADVAPI32.dll
0x00007ff8cadf0000 - 0x00007ff8caf26000 	C:\WINDOWS\SYSTEM32\WINHTTP.dll
0x00007ff8d2340000 - 0x00007ff8d23e7000 	C:\WINDOWS\System32\sechost.dll
0x00007ff8d04e0000 - 0x00007ff8d0508000 	C:\WINDOWS\System32\bcrypt.dll
0x00007ff8d23f0000 - 0x00007ff8d2504000 	C:\WINDOWS\System32\RPCRT4.dll
0x00007ff8cbad0000 - 0x00007ff8cbadc000 	C:\Program Files\Java\jdk-23\bin\vcruntime140_1.dll
0x00007ff8b1080000 - 0x00007ff8b110e000 	C:\Program Files\Java\jdk-23\bin\msvcp140.dll
0x00007ff860b00000 - 0x00007ff86184f000 	C:\Program Files\Java\jdk-23\bin\server\jvm.dll
0x00007ff8d1670000 - 0x00007ff8d16e1000 	C:\WINDOWS\System32\WS2_32.dll
0x00007ff8d0240000 - 0x00007ff8d028d000 	C:\WINDOWS\SYSTEM32\POWRPROF.dll
0x00007ff8cdc50000 - 0x00007ff8cdc84000 	C:\WINDOWS\SYSTEM32\WINMM.dll
0x00007ff8c6800000 - 0x00007ff8c680a000 	C:\WINDOWS\SYSTEM32\VERSION.dll
0x00007ff8d0220000 - 0x00007ff8d0233000 	C:\WINDOWS\SYSTEM32\UMPDC.dll
0x00007ff8cf3b0000 - 0x00007ff8cf3c8000 	C:\WINDOWS\SYSTEM32\kernel.appcore.dll
0x00007ff8ca840000 - 0x00007ff8ca84a000 	C:\Program Files\Java\jdk-23\bin\jimage.dll
0x00007ff8cd980000 - 0x00007ff8cdbb2000 	C:\WINDOWS\SYSTEM32\DBGHELP.DLL
0x00007ff8d0d90000 - 0x00007ff8d111f000 	C:\WINDOWS\System32\combase.dll
0x00007ff8d2150000 - 0x00007ff8d2227000 	C:\WINDOWS\System32\OLEAUT32.dll
0x00007ff8cdc10000 - 0x00007ff8cdc42000 	C:\WINDOWS\SYSTEM32\dbgcore.DLL
0x00007ff8d0d10000 - 0x00007ff8d0d8b000 	C:\WINDOWS\System32\bcryptPrimitives.dll
0x00007ff8c8e30000 - 0x00007ff8c8e3f000 	C:\Program Files\Java\jdk-23\bin\instrument.dll
0x00007ff8bf5d0000 - 0x00007ff8bf5ee000 	C:\Program Files\Java\jdk-23\bin\java.dll
0x00007ff8d2e50000 - 0x00007ff8d2ff5000 	C:\WINDOWS\System32\ole32.dll
0x00007ff8d2510000 - 0x00007ff8d2d86000 	C:\WINDOWS\System32\SHELL32.dll
0x00007ff8ce2a0000 - 0x00007ff8ceba3000 	C:\WINDOWS\SYSTEM32\windows.storage.dll
0x00007ff8ce160000 - 0x00007ff8ce29f000 	C:\WINDOWS\SYSTEM32\wintypes.dll
0x00007ff8d1f90000 - 0x00007ff8d2089000 	C:\WINDOWS\System32\SHCORE.dll
0x00007ff8d11c0000 - 0x00007ff8d121e000 	C:\WINDOWS\System32\shlwapi.dll
0x00007ff8d02a0000 - 0x00007ff8d02cb000 	C:\WINDOWS\SYSTEM32\profapi.dll
0x00007ff8b0a40000 - 0x00007ff8b0b17000 	C:\Program Files\Java\jdk-23\bin\jsvml.dll
0x00007ff8bf230000 - 0x00007ff8bf247000 	C:\Program Files\Java\jdk-23\bin\zip.dll
0x00007ff8c9fc0000 - 0x00007ff8c9fd0000 	C:\Program Files\Java\jdk-23\bin\net.dll
0x00007ff8cf830000 - 0x00007ff8cf899000 	C:\WINDOWS\system32\mswsock.dll
0x00007ff8bf3c0000 - 0x00007ff8bf3d6000 	C:\Program Files\Java\jdk-23\bin\nio.dll
0x00007ff8bef50000 - 0x00007ff8bef6a000 	D:\Program Files\JetBrains\IntelliJ IDEA Community Edition 2024.2.3\bin\breakgen64.dll
0x00007ff8bf2d0000 - 0x00007ff8bf2d9000 	C:\Program Files\Java\jdk-23\bin\extnet.dll
0x00007ff8c8040000 - 0x00007ff8c804e000 	C:\Program Files\Java\jdk-23\bin\sunmscapi.dll
0x00007ff8d0370000 - 0x00007ff8d04d6000 	C:\WINDOWS\System32\CRYPT32.dll
0x00007ff8cfc20000 - 0x00007ff8cfc4d000 	C:\WINDOWS\SYSTEM32\ncrypt.dll
0x00007ff8cfbe0000 - 0x00007ff8cfc17000 	C:\WINDOWS\SYSTEM32\NTASN1.dll
0x00007ff8cfa80000 - 0x00007ff8cfa9b000 	C:\WINDOWS\SYSTEM32\CRYPTSP.dll
0x00007ff8cf310000 - 0x00007ff8cf345000 	C:\WINDOWS\system32\rsaenh.dll
0x00007ff8cf920000 - 0x00007ff8cf948000 	C:\WINDOWS\SYSTEM32\USERENV.dll
0x00007ff8cfaa0000 - 0x00007ff8cfaac000 	C:\WINDOWS\SYSTEM32\CRYPTBASE.dll
0x00007ff8cee10000 - 0x00007ff8cee3d000 	C:\WINDOWS\SYSTEM32\IPHLPAPI.DLL
0x00007ff8d1f80000 - 0x00007ff8d1f89000 	C:\WINDOWS\System32\NSI.dll
0x00007ff8bef80000 - 0x00007ff8bef8a000 	C:\Program Files\Java\jdk-23\bin\management.dll
0x00007ff8bef70000 - 0x00007ff8bef7b000 	C:\Program Files\Java\jdk-23\bin\management_ext.dll
0x00007ff8d3000000 - 0x00007ff8d3008000 	C:\WINDOWS\System32\PSAPI.DLL
0x00007ff8cee80000 - 0x00007ff8cef82000 	C:\WINDOWS\SYSTEM32\DNSAPI.dll
0x00007ff8c82e0000 - 0x00007ff8c82ea000 	C:\Windows\System32\rasadhlp.dll
0x00007ff8c8430000 - 0x00007ff8c84b3000 	C:\WINDOWS\System32\fwpuclnt.dll
0x00007ff8becc0000 - 0x00007ff8becd0000 	C:\Program Files\Java\jdk-23\bin\verify.dll
0x00007ff8ca1e0000 - 0x00007ff8ca1e8000 	C:\WINDOWS\system32\wshunix.dll

dbghelp: loaded successfully - version: 4.0.5 - missing functions: none
symbol engine: initialized successfully - sym options: 0x614 - pdb path: .;C:\Program Files\Java\jdk-23\bin;C:\WINDOWS\SYSTEM32;C:\WINDOWS\WinSxS\amd64_microsoft.windows.common-controls_6595b64144ccf1df_6.0.22621.4387_none_27144a857381bf05;C:\Program Files\Windhawk\Engine\1.5.1\64;C:\Program Files\Java\jdk-23\bin\server;D:\Program Files\JetBrains\IntelliJ IDEA Community Edition 2024.2.3\bin

VM Arguments:
jvm_args: -javaagent:D:\Program Files\JetBrains\IntelliJ IDEA Community Edition 2024.2.3\lib\idea_rt.jar=63234:D:\Program Files\JetBrains\IntelliJ IDEA Community Edition 2024.2.3\bin -Dfile.encoding=UTF-8 -Dsun.stdout.encoding=UTF-8 -Dsun.stderr.encoding=UTF-8 
java_command: com.example.GVOne_blood.GvOneBloodApplication
java_class_path (initial): F:\Document\Spring boot 3\GVOne-blood\GVOne-blood\target\classes;C:\Users\admin\.m2\repository\org\springframework\boot\spring-boot-starter-web\3.3.8\spring-boot-starter-web-3.3.8.jar;C:\Users\admin\.m2\repository\org\springframework\boot\spring-boot-starter\3.3.8\spring-boot-starter-3.3.8.jar;C:\Users\admin\.m2\repository\org\springframework\boot\spring-boot\3.3.8\spring-boot-3.3.8.jar;C:\Users\admin\.m2\repository\org\springframework\boot\spring-boot-autoconfigure\3.3.8\spring-boot-autoconfigure-3.3.8.jar;C:\Users\admin\.m2\repository\org\springframework\boot\spring-boot-starter-logging\3.3.8\spring-boot-starter-logging-3.3.8.jar;C:\Users\admin\.m2\repository\ch\qos\logback\logback-classic\1.5.16\logback-classic-1.5.16.jar;C:\Users\admin\.m2\repository\ch\qos\logback\logback-core\1.5.16\logback-core-1.5.16.jar;C:\Users\admin\.m2\repository\org\apache\logging\log4j\log4j-to-slf4j\2.23.1\log4j-to-slf4j-2.23.1.jar;C:\Users\admin\.m2\repository\org\apache\logging\log4j\log4j-api\2.23.1\log4j-api-2.23.1.jar;C:\Users\admin\.m2\repository\org\slf4j\jul-to-slf4j\2.0.16\jul-to-slf4j-2.0.16.jar;C:\Users\admin\.m2\repository\jakarta\annotation\jakarta.annotation-api\2.1.1\jakarta.annotation-api-2.1.1.jar;C:\Users\admin\.m2\repository\org\yaml\snakeyaml\2.2\snakeyaml-2.2.jar;C:\Users\admin\.m2\repository\org\springframework\boot\spring-boot-starter-json\3.3.8\spring-boot-starter-json-3.3.8.jar;C:\Users\admin\.m2\repository\com\fasterxml\jackson\core\jackson-databind\2.17.3\jackson-databind-2.17.3.jar;C:\Users\admin\.m2\repository\com\fasterxml\jackson\core\jackson-annotations\2.17.3\jackson-annotations-2.17.3.jar;C:\Users\admin\.m2\repository\com\fasterxml\jackson\core\jackson-core\2.17.3\jackson-core-2.17.3.jar;C:\Users\admin\.m2\repository\com\fasterxml\jackson\datatype\jackson-datatype-jdk8\2.17.3\jackson-datatype-jdk8-2.17.3.jar;C:\Users\admin\.m2\repository\com\fasterxml\jackson\datatype\jackson-datatype-jsr310\2.17.3\jackson-datatype-jsr310-2.17.3.jar;C:\Users\admin\.m2\repository\com\fasterxml\jackson\module\jackson-module-parameter-names\2.17.3\jackson-module-parameter-names-2.17.3.jar;C:\Users\admin\.m2\repository\org\springframework\boot\spring-boot-starter-tomcat\3.3.8\spring-boot-starter-tomcat-3.3.8.jar;C:\Users\admin\.m2\repository\org\apache\tomcat\embed\tomcat-embed-core\10.1.34\tomcat-embed-core-10.1.34.jar;C:\Users\admin\.m2\repository\org\apache\tomcat\embed\tomcat-embed-websocket\10.1.34\tomcat-embed-websocket-10.1.34.jar;C:\Users\admin\.m2\repository\org\springframework\spring-web\6.1.16\spring-web-6.1.16.jar;C:\Users\admin\.m2\repository\org\springframework\spring-beans\6.1.16\spring-beans-6.1.16.jar;C:\Users\admin\.m2\repository\io\micrometer\micrometer-observation\1.13.10\micrometer-observation-1.13.10.jar;C:\Users\admin\.m2\repository\io\micrometer\micrometer-commons\1.13.10\micrometer-commons-1.13.10.jar;C:\Users\admin\.m2\repository\org\springframework\spring-webmvc\6.1.16\spring-webmvc-6.1.16.jar;C:\Users\admin\.m2\repository\org\springframework\spring-aop\6.1.16\spring-aop-6.1.16.jar;C:\Users\admin\.m2\repository\org\springframework\spring-context\6.1.16\spring-context-6.1.16.jar;C:\Users\admin\.m2\repository\org\springframework\spring-expression\6.1.16\spring-expression-6.1.16.jar;C:\Users\admin\.m2\repository\org\springdoc\springdoc-openapi-starter-webmvc-ui\2.6.0\springdoc-openapi-starter-webmvc-ui-2.6.0.jar;C:\Users\admin\.m2\repository\org\springdoc\springdoc-openapi-starter-webmvc-api\2.6.0\springdoc-openapi-starter-webmvc-api-2.6.0.jar;C:\Users\admin\.m2\repository\org\springdoc\springdoc-openapi-starter-common\2.6.0\springdoc-openapi-starter-common-2.6.0.jar;C:\Users\admin\.m2\repository\io\swagger\core\v3\swagger-core-jakarta\2.2.22\swagger-core-jakarta-2.2.22.jar;C:\Users\admin\.m2\repository\org\apache\commons\commons-lang3\3.14.0\commons-lang3-3.14.0.jar;C:\Users\admin\.m2\repository\io\swagger\core\v3\swagger-annotations-jakarta\2.2.22\swagger-annotations-jakarta-2.2.22.jar;C:\Users\admin\.m2\repository\io\swagger\core\v3\swagger-models-jakarta\2.2.22\swagger-models-jakarta-2.2.22.jar;C:\Users\admin\.m2\repository\com\fasterxml\jackson\dataformat\jackson-dataformat-yaml\2.17.3\jackson-dataformat-yaml-2.17.3.jar;C:\Users\admin\.m2\repository\org\webjars\swagger-ui\5.17.14\swagger-ui-5.17.14.jar;C:\Users\admin\.m2\repository\org\springframework\boot\spring-boot-starter-data-jpa\3.3.8\spring-boot-starter-data-jpa-3.3.8.jar;C:\Users\admin\.m2\repository\org\springframework\boot\spring-boot-starter-aop\3.3.8\spring-boot-starter-aop-3.3.8.jar;C:\Users\admin\.m2\repository\org\aspectj\aspectjweaver\1.9.22.1\aspectjweaver-1.9.22.1.jar;C:\Users\admin\.m2\repository\org\springframework\boot\spring-boot-starter-jdbc\3.3.8\spring-boot-starter-jdbc-3.3.8.jar;C:\Users\admin\.m2\repository\com\zaxxer\HikariCP\5.1.0\HikariCP-5.1.0.jar;C:\Users\admin\.m2\repository\org\springframework\spring-jdbc\6.1.16\spring-jdbc-6.1.16.jar;C:\Users\admin\.m2\repository\org\hibernate\orm\hibernate-core\6.5.3.Final\hibernate-core-6.5.3.Final.jar;C:\Users\admin\.m2\repository\jakarta\persistence\jakarta.persistence-api\3.1.0\jakarta.persistence-api-3.1.0.jar;C:\Users\admin\.m2\repository\jakarta\transaction\jakarta.transaction-api\2.0.1\jakarta.transaction-api-2.0.1.jar;C:\Users\admin\.m2\repository\org\jboss\logging\jboss-logging\3.5.3.Final\jboss-logging-3.5.3.Final.jar;C:\Users\admin\.m2\repository\org\hibernate\common\hibernate-commons-annotations\6.0.6.Final\hibernate-commons-annotations-6.0.6.Final.jar;C:\Users\admin\.m2\repository\io\smallrye\jandex\3.1.2\jandex-3.1.2.jar;C:\Users\admin\.m2\repository\com\fasterxml\classmate\1.7.0\classmate-1.7.0.jar;C:\Users\admin\.m2\repository\net\bytebuddy\byte-buddy\1.14.19\byte-buddy-1.14.19.jar;C:\Users\admin\.m2\repository\org\glassfish\jaxb\jaxb-runtime\4.0.5\jaxb-runtime-4.0.5.jar;C:\Users\admin\.m2\repository\org\glassfish\jaxb\jaxb-core\4.0.5\jaxb-core-4.0.5.jar;C:\Users\admin\.m2\repository\org\eclipse\angus\angus-activation\2.0.2\angus-activation-2.0.2.jar;C:\Users\admin\.m2\repository\org\glassfish\jaxb\txw2\4.0.5\txw2-4.0.5.jar;C:\Users\admin\.m2\repository\com\sun\istack\istack-commons-runtime\4.1.2\istack-commons-runtime-4.1.2.jar;C:\Users\admin\.m2\repository\jakarta\inject\jakarta.inject-api\2.0.1\jakarta.inject-api-2.0.1.jar;C:\Users\admin\.m2\repository\org\antlr\antlr4-runtime\4.13.0\antlr4-runtime-4.13.0.jar;C:\Users\admin\.m2\repository\org\springframework\data\spring-data-jpa\3.3.8\spring-data-jpa-3.3.8.jar;C:\Users\admin\.m2\repository\org\springframework\data\spring-data-commons\3.3.8\spring-data-commons-3.3.8.jar;C:\Users\admin\.m2\repository\org\springframework\spring-orm\6.1.16\spring-orm-6.1.16.jar;C:\Users\admin\.m2\repository\org\springframework\spring-tx\6.1.16\spring-tx-6.1.16.jar;C:\Users\admin\.m2\repository\org\slf4j\slf4j-api\2.0.16\slf4j-api-2.0.16.jar;C:\Users\admin\.m2\repository\org\springframework\spring-aspects\6.1.16\spring-aspects-6.1.16.jar;C:\Users\admin\.m2\repository\mysql\mysql-connector-java\8.0.30\mysql-connector-java-8.0.30.jar;C:\Users\admin\.m2\repository\com\google\protobuf\protobuf-java\3.19.4\protobuf-java-3.19.4.jar;C:\Users\admin\.m2\repository\org\springframework\boot\spring-boot-starter-validation\3.3.8\spring-boot-starter-validation-3.3.8.jar;C:\Users\admin\.m2\repository\org\apache\tomcat\embed\tomcat-embed-el\10.1.34\tomcat-embed-el-10.1.34.jar;C:\Users\admin\.m2\repository\org\hibernate\validator\hibernate-validator\8.0.2.Final\hibernate-validator-8.0.2.Final.jar;C:\Users\admin\.m2\repository\jakarta\validation\jakarta.validation-api\3.0.2\jakarta.validation-api-3.0.2.jar;C:\Users\admin\.m2\repository\jakarta\xml\bind\jakarta.xml.bind-api\4.0.2\jakarta.xml.bind-api-4.0.2.jar;C:\Users\admin\.m2\repository\jakarta\activation\jakarta.activation-api\2.1.3\jakarta.activation-api-2.1.3.jar;C:\Users\admin\.m2\repository\org\springframework\spring-core\6.1.16\spring-core-6.1.16.jar;C:\Users\admin\.m2\repository\org\springframework\spring-jcl\6.1.16\spring-jcl-6.1.16.jar;C:\Users\admin\.m2\repository\org\modelmapper\modelmapper\2.3.0\modelmapper-2.3.0.jar;C:\Users\admin\.m2\repository\org\projectlombok\lombok\1.18.36\lombok-1.18.36.jar
Launcher Type: SUN_STANDARD

[Global flags]
     intx CICompilerCount                          = 4                                         {product} {ergonomic}
     uint ConcGCThreads                            = 3                                         {product} {ergonomic}
     uint G1ConcRefinementThreads                  = 10                                        {product} {ergonomic}
   size_t G1HeapRegionSize                         = 1048576                                   {product} {ergonomic}
   size_t InitialHeapSize                          = 98566144                                  {product} {ergonomic}
   size_t MarkStackSize                            = 4194304                                   {product} {ergonomic}
   size_t MarkStackSizeMax                         = 536870912                                 {product} {ergonomic}
   size_t MaxHeapSize                              = 1570766848                                {product} {ergonomic}
   size_t MaxNewSize                               = 941621248                                 {product} {ergonomic}
   size_t MinHeapDeltaBytes                        = 1048576                                   {product} {ergonomic}
   size_t MinHeapSize                              = 8388608                                   {product} {ergonomic}
    uintx NonNMethodCodeHeapSize                   = 5832704                                {pd product} {ergonomic}
    uintx NonProfiledCodeHeapSize                  = 122945536                              {pd product} {ergonomic}
    uintx ProfiledCodeHeapSize                     = 122880000                              {pd product} {ergonomic}
    uintx ReservedCodeCacheSize                    = 251658240                              {pd product} {ergonomic}
     bool SegmentedCodeCache                       = true                                      {product} {ergonomic}
   size_t SoftMaxHeapSize                          = 1570766848                             {manageable} {ergonomic}
     bool UseCompressedOops                        = true                           {product lp64_product} {ergonomic}
     bool UseG1GC                                  = true                                      {product} {ergonomic}
     bool UseLargePagesIndividualAllocation        = false                                  {pd product} {ergonomic}

Logging:
Log output configuration:
 #0: stdout all=warning uptime,level,tags foldmultilines=false
 #1: stderr all=off uptime,level,tags foldmultilines=false

Environment Variables:
JAVA_HOME=C:\Program Files\Java\jdk-23
PATH=C:\Python312\Scripts\;C:\Python312\;C:\Program Files (x86)\VMware\VMware Workstation\bin\;C:\Program Files\Common Files\Oracle\Java\javapath;C:\Program Files (x86)\Common Files\Oracle\Java\javapath;C:\WINDOWS\system32;C:\WINDOWS;C:\WINDOWS\System32\Wbem;C:\WINDOWS\System32\WindowsPowerShell\v1.0\;C:\WINDOWS\System32\OpenSSH\;C:\Program Files\dotnet\;C:\Program Files (x86)\Microsoft SQL Server\160\Tools\Binn\;C:\Program Files\Microsoft SQL Server\160\Tools\Binn\;C:\Program Files\Microsoft SQL Server\Client SDK\ODBC\170\Tools\Binn\;C:\Program Files\Microsoft SQL Server\160\DTS\Binn\;C:\Program Files (x86)\Microsoft SQL Server\160\DTS\Binn\;C:\Program Files\Azure Data Studio\bin;C:\MinGW\bin;C:\Program Files (x86)\Rational\ClearQuest;C:\Program Files (x86)\Rational\Rose\TopLink\;C:\Program Files\Microsoft SQL Server\150\Tools\Binn\;C:\Program Files\nodejs\;C:\ProgramData\chocolatey\bin;D:\Program Files\common;C:\Program Files\Java\apache-maven-3.9.9\bin;C:\Program Files\Java\apache-maven-3.9.9;C:\Users\admin\AppData\Roaming\Python\Python312\Scripts;C:\Program Files\TortoiseGit\bin;C:\Program Files\Git\cmd;C:\Program Files\Docker\Docker\resources\bin;C:\Users\admin\anaconda3;C:\Users\admin\anaconda3\Library\mingw-w64\bin;C:\Users\admin\anaconda3\Library\usr\bin;C:\Users\admin\anaconda3\Library\bin;C:\Users\admin\anaconda3\Scripts;C:\Program Files\MySQL\MySQL Shell 8.0\bin\;C:\Users\admin\AppData\Local\Microsoft\WindowsApps;C:\msys64\mingw64\bin;C:\Users\admin\AppData\Local\Programs\Microsoft VS Code\bin;C:\Program Files\Azure Data Studio\bin;C:\Users\admin\AppData\Local\GitHubDesktop\bin;C:\Users\admin\AppData\Roaming\npm;C:\ffmpeg;D:\Program Files\JetBrains\IntelliJ IDEA Community Edition 2024.2.3\bin;;F:\flutter_windows_3.24.5-stable\flutter\bin;C:\Users\admin\.dotnet\tools;C:\Users\admin\AppData\Roaming\Python\Python312\Scripts;C:\Program Files (x86)\BrowserStackLocal\
USERNAME=admin
OS=Windows_NT
PROCESSOR_IDENTIFIER=AMD64 Family 23 Model 104 Stepping 1, AuthenticAMD
TMP=C:\Users\admin\AppData\Local\Temp
TEMP=C:\Users\admin\AppData\Local\Temp




Periodic native trim disabled

---------------  S Y S T E M  ---------------

OS:
 Windows 11 , 64 bit Build 22621 (10.0.22621.4387)
OS uptime: 11 days 11:50 hours
Hyper-V role detected

CPU: total 12 (initial active 12) (12 cores per cpu, 2 threads per core) family 23 model 104 stepping 1 microcode 0x0, cx8, cmov, fxsr, ht, mmx, 3dnowpref, sse, sse2, sse3, ssse3, sse4a, sse4.1, sse4.2, popcnt, lzcnt, tsc, tscinvbit, avx, avx2, aes, clmul, bmi1, bmi2, adx, sha, fma, vzeroupper, clflush, clflushopt, hv, rdtscp, rdpid, f16c
Processor Information for the first 12 processors :
  Max Mhz: 2100, Current Mhz: 2100, Mhz Limit: 2100

Memory: 4k page, system-wide physical 5989M (213M free)
TotalPageFile size 24421M (AvailPageFile size 122M)
current process WorkingSet (physical memory assigned to process): 190M, peak: 273M
current process commit charge ("private bytes"): 290M, peak: 315M

vm_info: Java HotSpot(TM) 64-Bit Server VM (23.0.1+11-39) for windows-amd64 JRE (23.0.1+11-39), built on 2024-09-30T07:20:43Z with MS VC++ 17.6 (VS2022)

END.
